// Jest Snapshot v1, https://goo.gl/fbAQLP

exports[`my-instance should render with shadow dom 1`] = `
<my-instance last-name="Mancini" name="Leandro">
  <mock:shadow-root>
    <p class="name">
      Meu nome é: Leandro Mancini
    </p>
    <slot></slot>
  </mock:shadow-root>
  <p class="cool">
    Está frio
  </p>
</my-instance>
`;
